Godot Engine v4.5.1.stable.official.f62fdbde1 - https://godotengine.org
Vulkan 1.4.312 - Forward+ - Using Device #0: NVIDIA - NVIDIA GeForce RTX 4080

ERROR: Error opening file 'res://icon.svg'.
   at: load_image (core/io/image_loader.cpp:89)
Map initialized with size: 32x32
Starting Gold: 100
Grid ready. Testing path from (0,0) to (16, 31)...
Path found: [(1.0, 1.0), (3.0, 3.0), (5.0, 5.0), (7.0, 7.0), (7.0, 9.0), (7.0, 11.0), (7.0, 13.0), (9.0, 15.0), (11.0, 17.0), (13.0, 19.0), (13.0, 21.0), (15.0, 23.0), (17.0, 25.0), (17.0, 27.0), (17.0, 29.0), (19.0, 31.0), (19.0, 33.0), (21.0, 35.0), (21.0, 37.0), (23.0, 39.0), (23.0, 41.0), (23.0, 43.0), (25.0, 45.0), (27.0, 47.0), (29.0, 49.0), (31.0, 51.0), (31.0, 53.0), (31.0, 55.0), (31.0, 57.0), (31.0, 59.0), (33.0, 61.0), (33.0, 63.0)]
Starting Wave 1
Wave Spawning Finished. Waiting for clear...
Tower built at: (14, 7)
Tower built! Gold remaining: 85
Tower built at: (14, 6)
Tower built! Gold remaining: 70
Cell already occupied!
Cell already occupied!
Cell already occupied!
Cell already occupied!
Cell already occupied!
Cell already occupied!
Cell already occupied!
Tower built at: (15, 6)
Tower built! Gold remaining: 55
Cell already occupied!
Tower built at: (16, 6)
Tower built! Gold remaining: 40
Cell already occupied!
Tower built at: (17, 6)
Tower built! Gold remaining: 25
Tower built at: (18, 6)
Tower built! Gold remaining: 10
Not enough gold! Cost: 15 Have: 10
Not enough gold! Cost: 15 Have: 10
Not enough gold! Cost: 15 Have: 10
Not enough gold! Cost: 15 Have: 10
Not enough gold! Cost: 15 Have: 10
Not enough gold! Cost: 15 Have: 10
Not enough gold! Cost: 15 Have: 10
Not enough gold! Cost: 15 Have: 10
Not enough gold! Cost: 15 Have: 10
Not enough gold! Cost: 15 Have: 10
Not enough gold! Cost: 15 Have: 10
Not enough gold! Cost: 15 Have: 10
Not enough gold! Cost: 15 Have: 10
Not enough gold! Cost: 15 Have: 10
Gold added: 3. Total: 13
Gold added: 3. Total: 16
Gold added: 3. Total: 19
Gold added: 3. Total: 22
Gold added: 3. Total: 25
Gold added: 3. Total: 28
Gold added: 3. Total: 31
Gold added: 3. Total: 34
Gold added: 3. Total: 37
Cell already occupied!
Cell already occupied!
Cell already occupied!
Cell already occupied!
Cell already occupied!
Cell already occupied!
Cell already occupied!
Cell already occupied!
Cell already occupied!
Cell already occupied!
Cell already occupied!
Cell already occupied!
Cell already occupied!
Cell already occupied!
Cell already occupied!
Cell already occupied!
Cell already occupied!
Cell already occupied!
Tower built at: (19, 15)
Tower built! Gold remaining: 22
Cell already occupied!
Cell already occupied!
Cell already occupied!
Tower built at: (18, 15)
Tower built! Gold remaining: 7
Not enough gold! Cost: 15 Have: 7
Not enough gold! Cost: 15 Have: 7
Not enough gold! Cost: 15 Have: 7
Not enough gold! Cost: 15 Have: 7
Not enough gold! Cost: 15 Have: 7
Not enough gold! Cost: 15 Have: 7
Not enough gold! Cost: 15 Have: 7
Not enough gold! Cost: 15 Have: 7
Not enough gold! Cost: 15 Have: 7
Not enough gold! Cost: 15 Have: 7
Not enough gold! Cost: 15 Have: 7
Not enough gold! Cost: 15 Have: 7
Not enough gold! Cost: 15 Have: 7
Not enough gold! Cost: 15 Have: 7
Not enough gold! Cost: 15 Have: 7
Not enough gold! Cost: 15 Have: 7
Not enough gold! Cost: 15 Have: 7
Not enough gold! Cost: 15 Have: 7
Not enough gold! Cost: 15 Have: 7
Not enough gold! Cost: 15 Have: 7
Not enough gold! Cost: 15 Have: 7
Not enough gold! Cost: 15 Have: 7
Not enough gold! Cost: 15 Have: 7
Not enough gold! Cost: 15 Have: 7
Not enough gold! Cost: 15 Have: 7
Not enough gold! Cost: 15 Have: 7
Not enough gold! Cost: 15 Have: 7
Not enough gold! Cost: 15 Have: 7
Not enough gold! Cost: 15 Have: 7
Not enough gold! Cost: 15 Have: 7
Not enough gold! Cost: 15 Have: 7
Gold added: 3. Total: 10
Gold added: 3. Total: 13
Gold added: 3. Total: 16
Cell already occupied!
Cell already occupied!
Cell already occupied!
Cell already occupied!
Cell already occupied!
Cell already occupied!
Cell already occupied!
Tower built at: (16, 5)
Tower built! Gold remaining: 1
Not enough gold! Cost: 15 Have: 1
Not enough gold! Cost: 15 Have: 1
Not enough gold! Cost: 15 Have: 1
Not enough gold! Cost: 15 Have: 1
Not enough gold! Cost: 15 Have: 1
Not enough gold! Cost: 15 Have: 1
Not enough gold! Cost: 15 Have: 1
Not enough gold! Cost: 15 Have: 1
Not enough gold! Cost: 15 Have: 1
Not enough gold! Cost: 15 Have: 1
Not enough gold! Cost: 15 Have: 1
Not enough gold! Cost: 15 Have: 1
Not enough gold! Cost: 15 Have: 1
Not enough gold! Cost: 15 Have: 1
Not enough gold! Cost: 15 Have: 1
Not enough gold! Cost: 15 Have: 1
Not enough gold! Cost: 15 Have: 1
Not enough gold! Cost: 15 Have: 1
Not enough gold! Cost: 15 Have: 1
Not enough gold! Cost: 15 Have: 1
Not enough gold! Cost: 15 Have: 1
Not enough gold! Cost: 15 Have: 1
Not enough gold! Cost: 15 Have: 1
Not enough gold! Cost: 15 Have: 1
Not enough gold! Cost: 15 Have: 1
Not enough gold! Cost: 15 Have: 1
Not enough gold! Cost: 15 Have: 1
Not enough gold! Cost: 15 Have: 1
Not enough gold! Cost: 15 Have: 1
Not enough gold! Cost: 15 Have: 1
Not enough gold! Cost: 15 Have: 1
Not enough gold! Cost: 15 Have: 1
Not enough gold! Cost: 15 Have: 1
Not enough gold! Cost: 15 Have: 1
Not enough gold! Cost: 15 Have: 1
Not enough gold! Cost: 15 Have: 1
Not enough gold! Cost: 15 Have: 1
Not enough gold! Cost: 15 Have: 1
Not enough gold! Cost: 15 Have: 1
Not enough gold! Cost: 15 Have: 1
Not enough gold! Cost: 15 Have: 1
Not enough gold! Cost: 15 Have: 1
Not enough gold! Cost: 15 Have: 1
Not enough gold! Cost: 15 Have: 1
Not enough gold! Cost: 15 Have: 1
Not enough gold! Cost: 15 Have: 1
Not enough gold! Cost: 15 Have: 1
Not enough gold! Cost: 15 Have: 1
Not enough gold! Cost: 15 Have: 1
Not enough gold! Cost: 15 Have: 1
Not enough gold! Cost: 15 Have: 1
Not enough gold! Cost: 15 Have: 1
Not enough gold! Cost: 15 Have: 1
Not enough gold! Cost: 15 Have: 1
Not enough gold! Cost: 15 Have: 1
Not enough gold! Cost: 15 Have: 1
Not enough gold! Cost: 15 Have: 1
Not enough gold! Cost: 15 Have: 1
Not enough gold! Cost: 15 Have: 1
Not enough gold! Cost: 15 Have: 1
Not enough gold! Cost: 15 Have: 1
Not enough gold! Cost: 15 Have: 1
Not enough gold! Cost: 15 Have: 1
Not enough gold! Cost: 15 Have: 1
Not enough gold! Cost: 15 Have: 1
Not enough gold! Cost: 15 Have: 1
Not enough gold! Cost: 15 Have: 1
Not enough gold! Cost: 15 Have: 1
Not enough gold! Cost: 15 Have: 1
Not enough gold! Cost: 15 Have: 1
Not enough gold! Cost: 15 Have: 1
Not enough gold! Cost: 15 Have: 1
Not enough gold! Cost: 15 Have: 1
Not enough gold! Cost: 15 Have: 1
Not enough gold! Cost: 15 Have: 1
Not enough gold! Cost: 15 Have: 1
Not enough gold! Cost: 15 Have: 1
Life lost! Remaining: 19
Not enough gold! Cost: 15 Have: 1
Not enough gold! Cost: 15 Have: 1
Life lost! Remaining: 18
Not enough gold! Cost: 15 Have: 1
Not enough gold! Cost: 15 Have: 1
Not enough gold! Cost: 15 Have: 1
Not enough gold! Cost: 15 Have: 1
Not enough gold! Cost: 15 Have: 1
Not enough gold! Cost: 15 Have: 1
Not enough gold! Cost: 15 Have: 1
Not enough gold! Cost: 15 Have: 1
Not enough gold! Cost: 15 Have: 1
Not enough gold! Cost: 15 Have: 1
Not enough gold! Cost: 15 Have: 1
Not enough gold! Cost: 15 Have: 1
Not enough gold! Cost: 15 Have: 1
Not enough gold! Cost: 15 Have: 1
Not enough gold! Cost: 15 Have: 1
Not enough gold! Cost: 15 Have: 1
Not enough gold! Cost: 15 Have: 1
Life lost! Remaining: 17
Not enough gold! Cost: 15 Have: 1
Not enough gold! Cost: 15 Have: 1
Life lost! Remaining: 16
Not enough gold! Cost: 15 Have: 1
Not enough gold! Cost: 15 Have: 1
Not enough gold! Cost: 15 Have: 1
Not enough gold! Cost: 15 Have: 1
Not enough gold! Cost: 15 Have: 1
Not enough gold! Cost: 15 Have: 1
Not enough gold! Cost: 15 Have: 1
Not enough gold! Cost: 15 Have: 1
Life lost! Remaining: 15
Not enough gold! Cost: 15 Have: 1
Not enough gold! Cost: 15 Have: 1
Life lost! Remaining: 14
Life lost! Remaining: 13
Life lost! Remaining: 12
Wave Cleared!
Starting Wave 2
Wave Spawning Finished. Waiting for clear...
